version https://git-lfs.github.com/spec/v1
oid sha256:b0ea6acafc554a5fe8fc90fd74565680121ed8530166abff02c767f3ec0924c8
size 1571
